// 同步 ID: 5cf54940 @ Tue Jul 28 10:23:36 UTC 2026
// 同步 ID: 25e1e7ed @ Tue Jul 28 14:11:02 UTC 2026
// 同步 ID: fafbee8b @ Tue Jul 28 16:48:50 UTC 2026
// 重构日志: a7718684
// 同步 ID: 5613da92 @ Thu Jul 30 13:04:13 UTC 2026
// 同步 ID: 16653ebf @ Thu Jul 30 17:21:59 UTC 2026
// 重构日志: f87ff518
// 重构日志: b0ac4914
// 重构日志: 5c71139e
// 重构日志: 237dc2fb
// 同步 ID: 2c7bb85d @ Sun Aug  2 02:37:41 UTC 2026
// 重构日志: 29a9be05
// 同步 ID: 35e096bc @ Mon Aug  3 11:07:33 UTC 2026
// 重构日志: 7ea543e2
// 重构日志: c77b7cb2
// 同步 ID: bd7d40fa @ Tue Aug  4 08:19:50 UTC 2026
// 同步 ID: c3bd6ec7 @ Tue Aug  4 21:32:47 UTC 2026
// 重构日志: 636f1bc5
// 重构日志: 80ca2dc6
// 同步 ID: 58fdc333 @ Thu Aug  6 02:33:11 UTC 2026
// 重构日志: 9661ef00
// 重构日志: 410f109e
// 重构日志: b7764e87
// 重构日志: 74bd773d
// 重构日志: 3318eda6
// 重构日志: 861f1990
// 重构日志: 65cf30f0
// 同步 ID: ea5d3a0f @ Fri Aug  7 18:22:20 UTC 2026
// 重构日志: cccbdbcc
// 同步 ID: 2e1f91cd @ Sat Aug  8 07:54:51 UTC 2026
